stm32f4xx_hal_flash_ex.c:560:13:FLASH_MassErase	0	static
stm32f4xx_hal_flash_ex.c:1249:26:FLASH_OB_BOR_LevelConfig	0	static
stm32f4xx_hal_flash_ex.c:1267:16:FLASH_OB_GetUser	0	static
stm32f4xx_hal_flash_ex.c:1277:17:FLASH_OB_GetWRP	0	static
stm32f4xx_hal_flash_ex.c:1291:16:FLASH_OB_GetRDP	0	static
stm32f4xx_hal_flash_ex.c:1319:16:FLASH_OB_GetBOR	0	static
stm32f4xx_hal_flash_ex.c:664:26:FLASH_OB_EnableWRP	16	static
stm32f4xx_hal_flash_ex.c:735:26:FLASH_OB_DisableWRP	16	static
stm32f4xx_hal_flash_ex.c:1180:26:FLASH_OB_RDP_LevelConfig	8	static
stm32f4xx_hal_flash_ex.c:1214:26:FLASH_OB_UserConfig	16	static
stm32f4xx_hal_flash_ex.c:836:26:FLASH_OB_EnablePCROP	16	static
stm32f4xx_hal_flash_ex.c:900:26:FLASH_OB_DisablePCROP	16	static
stm32f4xx_hal_flash_ex.c:796:26:FLASH_OB_BootConfig	8	static
stm32f4xx_hal_flash_ex.c:304:19:HAL_FLASHEx_OBProgram	8	static
stm32f4xx_hal_flash_ex.c:363:6:HAL_FLASHEx_OBGetConfig	8	static
stm32f4xx_hal_flash_ex.c:392:19:HAL_FLASHEx_AdvOBProgram	8	static
stm32f4xx_hal_flash_ex.c:448:6:HAL_FLASHEx_AdvOBGetConfig	0	static
stm32f4xx_hal_flash_ex.c:480:19:HAL_FLASHEx_OB_SelectPCROP	0	static
stm32f4xx_hal_flash_ex.c:505:19:HAL_FLASHEx_OB_DeSelectPCROP	0	static
stm32f4xx_hal_flash_ex.c:527:10:HAL_FLASHEx_OB_GetBank2WRP	0	static
stm32f4xx_hal_flash_ex.c:604:6:FLASH_Erase_Sector	0	static
stm32f4xx_hal_flash_ex.c:251:19:HAL_FLASHEx_Erase_IT	8	static
stm32f4xx_hal_flash_ex.c:1329:6:FLASH_FlushCaches	0	static
stm32f4xx_hal_flash_ex.c:180:19:HAL_FLASHEx_Erase	24	static
